cat .bash_logout

head и tail.  показывает первые 10 строк, а tail — последние 10 строк файла. можно задавая количество строк  -n.
$ head -n 2 .bashrc

tail -f path/to/file  Как только файл дописывается, tail сразу выводит на экран добавленные строки. 
$ sudo tail -f syslog

пейджеры  хорошо и быстро работают с файлами любых размеров. Самый пейджер less.
sudo less syslog
q — выход
f — вперёд на страницу
b — назад на страницу
если набрать /, затем начать вводить буквы и нажать Enter, то выполнится поиск введённого текста
------------------
 grep [OPTIONS] PATTERN [FILE...]
 # Поиск всех строк в файле .bashrc, в которых встречается слово aliases
$ grep aliases .bashrc
----
увидеть то, что вокруг неё. Количество выводимых соседних строк опциями -B, -A и -C. 
Первая до искомой (-B, --before-context), вторая — после (-A), а третья — до и после одновременно (-C,).
пример -C со значением 1. для каждой найденной строки выведена одна выше и одна ниже.
$ grep -C 1 aliases .bashrc
---
если не знаем, в каком файле то, что ищем, но знаем директорию, в которой лежит этот файл. нужно сделать два изменения:
-Добавить опцию -R, что надо искать внутри директории (рекурсивно, то есть включая все поддиректории).
-Указать путь до директории, а не файла.
grep -R bashrc .
 Если добавить опцию n, то дополнительно отобразится номер строки.
$ grep -Rn bashrc .
--------------------------------------------------------------------

Редактирование файлов
Nano
------
Vim-https://guides.hexlet.io/vim/
-Обычное редактирование текста выполняется в режиме ввода (INSERT) и попасть в него можно нажав клавишу i. 
-Для выхода в режим команд достаточно нажать Esc (или комбинацию Ctrl + [).
-самое сложное в виме — это выйти: 
--Убедитесь, что вы находитесь в командном режиме, на всякий случай нажмите Esc (или комбинацию Ctrl + [). 
---Затем наберите :, эта команда переведёт вас в режим командной строки (ещё один режим), 
----затем введите q! и нажмите Enter
Командный режим (обычный режим) — это режим по умолчанию. Перемещение по файлу, быстрое (при помощи команд, комбинаций клавиш) редактирование, удаление, поиск текста.
Режим вставки (режим ввод) — ввод текста с клавиатуры. То, как вы привыкли это делать в обычных редакторах.
Визуальный режим — выделение произвольных участков текста.
Режим командной строки — собственная командная строка для редактора текста, из которой можно выполнять великое множество разнообразных команд.
--------------------------------------------------------------------
Потоки
# Сначала STDERR перенаправляется в STDOUT, затем STDOUT в файл
$ cd lala > output 2>&1
$ cat output
-bash: cd: lala: No such file or directory
------
# Оба потока, STDERR и STDOUT, перенаправляются в файл
$ cd lala &> output
--------------------------------------------------------------------

Пайплайн (Конвейер)


